// Jest Snapshot v1, https://goo.gl/fbAQLP

exports[`renders the component 1`] = `
<div
  className="App"
>
  learn react bcuz mujhy to shooq  hi boht hy ...G**** bna kr c krna me to addha ghanta sirf hath pheruu ga..... maza  a jae ag
</div>
`;
